CREATE STREAM stream0 ();
CREATE CONTINUOUS VIEW ps0 AS SELECT id::integer FROM stream0;
SELECT schema, name, inferred, array_length(queries, 1), "desc" FROM pipeline_streams() ORDER BY name;
 schema |  name   | inferred | array_length |                   desc                   
--------+---------+----------+--------------+------------------------------------------
 public | stream0 | t        |            1 | \x00000001696400000006a4ffffffff00000000
(1 row)

CREATE CONTINUOUS VIEW ps1 AS SELECT id::integer, val::text FROM stream0;
SELECT schema, name, inferred, array_length(queries, 1), "desc" FROM pipeline_streams() ORDER BY name;
 schema |  name   | inferred | array_length |                                   desc                                   
--------+---------+----------+--------------+--------------------------------------------------------------------------
 public | stream0 | t        |            2 | \x00000002696400000006a4ffffffff0000000076616c0000000019ffffffff00000000
(1 row)

CREATE CONTINUOUS VIEW ps2 AS SELECT id::float FROM stream0;
CREATE STREAM stream1 ();
CREATE CONTINUOUS VIEW ps3 AS SELECT x::integer, y::timestamp FROM stream1;
SELECT schema, name, inferred, array_length(queries, 1), "desc" FROM pipeline_streams() ORDER BY name;
 schema |  name   | inferred | array_length |                                   desc                                   
--------+---------+----------+--------------+--------------------------------------------------------------------------
 public | stream0 | t        |            3 | \x00000002696400000002bdffffffff0000000076616c0000000019ffffffff00000000
 public | stream1 | t        |            1 | \x0000000279000000045affffffff000000007800000006a4ffffffff00000000
(2 rows)

CREATE CONTINUOUS VIEW ps4 AS SELECT id::text FROM stream0;
ERROR:  type conflict with stream "stream0": types double precision and text cannot be matched
SELECT schema, name, inferred, array_length(queries, 1), "desc" FROM pipeline_streams() ORDER BY name;
 schema |  name   | inferred | array_length |                                   desc                                   
--------+---------+----------+--------------+--------------------------------------------------------------------------
 public | stream0 | t        |            3 | \x00000002696400000002bdffffffff0000000076616c0000000019ffffffff00000000
 public | stream1 | t        |            1 | \x0000000279000000045affffffff000000007800000006a4ffffffff00000000
(2 rows)

CREATE STREAM stream2 (x INT);
SELECT schema, name, inferred, array_length(queries, 1), "desc" FROM pipeline_streams() ORDER BY name;
 schema |  name   | inferred | array_length |                                   desc                                   
--------+---------+----------+--------------+--------------------------------------------------------------------------
 public | stream0 | t        |            3 | \x00000002696400000002bdffffffff0000000076616c0000000019ffffffff00000000
 public | stream1 | t        |            1 | \x0000000279000000045affffffff000000007800000006a4ffffffff00000000
 public | stream2 | f        |              | 
(3 rows)

CREATE CONTINUOUS VIEW ps5 AS SELECT x FROM stream2;
SELECT schema, name, inferred, array_length(queries, 1), "desc" FROM pipeline_streams() ORDER BY name;
 schema |  name   | inferred | array_length |                                   desc                                   
--------+---------+----------+--------------+--------------------------------------------------------------------------
 public | stream0 | t        |            3 | \x00000002696400000002bdffffffff0000000076616c0000000019ffffffff00000000
 public | stream1 | t        |            1 | \x0000000279000000045affffffff000000007800000006a4ffffffff00000000
 public | stream2 | f        |            1 | 
(3 rows)

DROP CONTINUOUS VIEW ps0;
SELECT schema, name, inferred, array_length(queries, 1), "desc" FROM pipeline_streams() ORDER BY name;
 schema |  name   | inferred | array_length |                                   desc                                   
--------+---------+----------+--------------+--------------------------------------------------------------------------
 public | stream0 | t        |            2 | \x00000002696400000002bdffffffff0000000076616c0000000019ffffffff00000000
 public | stream1 | t        |            1 | \x0000000279000000045affffffff000000007800000006a4ffffffff00000000
 public | stream2 | f        |            1 | 
(3 rows)

DROP CONTINUOUS VIEW ps1;
SELECT schema, name, inferred, array_length(queries, 1), "desc" FROM pipeline_streams() ORDER BY name;
 schema |  name   | inferred | array_length |                                desc                                
--------+---------+----------+--------------+--------------------------------------------------------------------
 public | stream0 | t        |            1 | \x00000001696400000002bdffffffff00000000
 public | stream1 | t        |            1 | \x0000000279000000045affffffff000000007800000006a4ffffffff00000000
 public | stream2 | f        |            1 | 
(3 rows)

DROP CONTINUOUS VIEW ps2;
DROP CONTINUOUS VIEW ps3;
DROP CONTINUOUS VIEW ps5;
SELECT schema, name, inferred, array_length(queries, 1), "desc" FROM pipeline_streams() ORDER BY name;
 schema |  name   | inferred | array_length | desc 
--------+---------+----------+--------------+------
 public | stream0 | t        |              | 
 public | stream1 | t        |              | 
 public | stream2 | f        |              | 
(3 rows)

DROP STREAM stream0;
DROP STREAM stream1;
DROP STREAM stream2;
SELECT schema, name, inferred, array_length(queries, 1), "desc" FROM pipeline_streams() ORDER BY name;
 schema | name | inferred | array_length | desc 
--------+------+----------+--------------+------
(0 rows)

