CREATE STREAM int8_stream ();
CREATE STREAM int2_stream ();
CREATE STREAM int4_stream ();
CREATE STREAM char_stream ();
CREATE STREAM text_stream ();
CREATE STREAM oid_stream ();
CREATE STREAM varchar_stream ();
CREATE CONTINUOUS VIEW test_int2_to_regoper AS SELECT x::int2 FROM int2_stream;
CREATE CONTINUOUS VIEW test_int4_to_regoper AS SELECT x::int4 FROM int4_stream;
CREATE CONTINUOUS VIEW test_oid_to_regoperator AS SELECT x::oid FROM oid_stream;
CREATE CONTINUOUS VIEW test_int8_to_regoperator AS SELECT x::int8 FROM int8_stream;
CREATE CONTINUOUS VIEW test_int2_to_regoperator AS SELECT x::int2 FROM int2_stream;
CREATE CONTINUOUS VIEW test_int4_to_regoperator AS SELECT x::int4 FROM int4_stream;
CREATE CONTINUOUS VIEW test_oid_to_regclass AS SELECT x::oid FROM oid_stream;
CREATE CONTINUOUS VIEW test_int8_to_regclass AS SELECT x::int8 FROM int8_stream;
CREATE CONTINUOUS VIEW test_int2_to_regclass AS SELECT x::int2 FROM int2_stream;
CREATE CONTINUOUS VIEW test_int4_to_regclass AS SELECT x::int4 FROM int4_stream;
CREATE CONTINUOUS VIEW test_oid_to_regtype AS SELECT x::oid FROM oid_stream;
CREATE CONTINUOUS VIEW test_int8_to_regtype AS SELECT x::int8 FROM int8_stream;
CREATE CONTINUOUS VIEW test_int2_to_regtype AS SELECT x::int2 FROM int2_stream;
CREATE CONTINUOUS VIEW test_int4_to_regtype AS SELECT x::int4 FROM int4_stream;
CREATE CONTINUOUS VIEW test_oid_to_regconfig AS SELECT x::oid FROM oid_stream;
CREATE CONTINUOUS VIEW test_int8_to_regconfig AS SELECT x::int8 FROM int8_stream;
CREATE CONTINUOUS VIEW test_int2_to_regconfig AS SELECT x::int2 FROM int2_stream;
CREATE CONTINUOUS VIEW test_int4_to_regconfig AS SELECT x::int4 FROM int4_stream;
CREATE CONTINUOUS VIEW test_oid_to_regdictionary AS SELECT x::oid FROM oid_stream;
CREATE CONTINUOUS VIEW test_int8_to_regdictionary AS SELECT x::int8 FROM int8_stream;
CREATE CONTINUOUS VIEW test_int2_to_regdictionary AS SELECT x::int2 FROM int2_stream;
CREATE CONTINUOUS VIEW test_int4_to_regdictionary AS SELECT x::int4 FROM int4_stream;
CREATE CONTINUOUS VIEW test_text_to_regclass AS SELECT x::text FROM text_stream;
CREATE CONTINUOUS VIEW test_varchar_to_regclass AS SELECT x::varchar FROM varchar_stream;
CREATE CONTINUOUS VIEW test_text_to_bpchar AS SELECT x::text FROM text_stream;
CREATE CONTINUOUS VIEW test_text_to_varchar AS SELECT x::text FROM text_stream;
CREATE CONTINUOUS VIEW test_varchar_to_text AS SELECT x::varchar FROM varchar_stream;
CREATE CONTINUOUS VIEW test_varchar_to_bpchar AS SELECT x::varchar FROM varchar_stream;
CREATE CONTINUOUS VIEW test_char_to_text AS SELECT x::char FROM char_stream;
INSERT INTO int8_stream (x) VALUES (8);
INSERT INTO int8_stream (x) VALUES (8);
INSERT INTO int8_stream (x) VALUES (8);
INSERT INTO int8_stream (x) VALUES (8);
INSERT INTO int8_stream (x) VALUES (8);
INSERT INTO int2_stream (x) VALUES (2);
INSERT INTO int2_stream (x) VALUES (2);
INSERT INTO int2_stream (x) VALUES (2);
INSERT INTO int2_stream (x) VALUES (2);
INSERT INTO int2_stream (x) VALUES (2);
INSERT INTO int4_stream (x) VALUES (4);
INSERT INTO int4_stream (x) VALUES (4);
INSERT INTO int4_stream (x) VALUES (4);
INSERT INTO int4_stream (x) VALUES (4);
INSERT INTO int4_stream (x) VALUES (4);
INSERT INTO int4_stream (x) VALUES (4);
INSERT INTO int8_stream (x) VALUES (8);
INSERT INTO int4_stream (x) VALUES (4);
INSERT INTO int8_stream (x) VALUES (8);
INSERT INTO int2_stream (x) VALUES (2);
INSERT INTO int4_stream (x) VALUES (4);
INSERT INTO oid_stream (x) VALUES (104);
INSERT INTO oid_stream (x) VALUES (104);
INSERT INTO oid_stream (x) VALUES (104);
INSERT INTO int8_stream (x) VALUES (8);
INSERT INTO int2_stream (x) VALUES (2);
INSERT INTO int4_stream (x) VALUES (4);
INSERT INTO oid_stream (x) VALUES (104);
INSERT INTO int8_stream (x) VALUES (8);
INSERT INTO int2_stream (x) VALUES (2);
INSERT INTO int4_stream (x) VALUES (4);
INSERT INTO oid_stream (x) VALUES (104);
INSERT INTO int8_stream (x) VALUES (8);
INSERT INTO int2_stream (x) VALUES (2);
INSERT INTO int4_stream (x) VALUES (4);
INSERT INTO oid_stream (x) VALUES (104);
INSERT INTO int8_stream (x) VALUES (8);
INSERT INTO int2_stream (x) VALUES (2);
INSERT INTO int4_stream (x) VALUES (4);
INSERT INTO oid_stream (x) VALUES (104);
INSERT INTO int8_stream (x) VALUES (8);
INSERT INTO int2_stream (x) VALUES (2);
INSERT INTO int4_stream (x) VALUES (4);
INSERT INTO oid_stream (x) VALUES (104);
INSERT INTO int8_stream (x) VALUES (8);
INSERT INTO int2_stream (x) VALUES (2);
INSERT INTO int4_stream (x) VALUES (4);
INSERT INTO oid_stream (x) VALUES (104);
INSERT INTO int8_stream (x) VALUES (8);
INSERT INTO int2_stream (x) VALUES (2);
INSERT INTO int4_stream (x) VALUES (4);
INSERT INTO oid_stream (x) VALUES (104);
INSERT INTO int8_stream (x) VALUES (8);
INSERT INTO int2_stream (x) VALUES (2);
INSERT INTO int4_stream (x) VALUES (4);
INSERT INTO text_stream (x) VALUES ('text text text!');
INSERT INTO varchar_stream (x) VALUES ('varchaaaaaaaar');
INSERT INTO text_stream (x) VALUES ('text text text!');
INSERT INTO text_stream (x) VALUES ('text text text!');
INSERT INTO varchar_stream (x) VALUES ('varchaaaaaaaar');
INSERT INTO varchar_stream (x) VALUES ('varchaaaaaaaar');
INSERT INTO char_stream (x) VALUES ('c');
INSERT INTO char_stream (x) VALUES ('c');
INSERT INTO char_stream (x) VALUES ('c');
INSERT INTO text_stream (x) VALUES ('text text text!');
INSERT INTO varchar_stream (x) VALUES ('varchaaaaaaaar');
INSERT INTO text_stream (x) VALUES ('text text text!');
INSERT INTO varchar_stream (x) VALUES ('varchaaaaaaaar');
INSERT INTO char_stream (x) VALUES ('c');
INSERT INTO int4_stream (x) VALUES (4);
INSERT INTO int4_stream (x) VALUES (4);
INSERT INTO int4_stream (x) VALUES (4);
INSERT INTO int8_stream (x) VALUES (8);
INSERT INTO int4_stream (x) VALUES (4);
INSERT INTO text_stream (x) VALUES ('text text text!');
INSERT INTO varchar_stream (x) VALUES ('varchaaaaaaaar');
SELECT x FROM test_int2_to_regoper;
 x 
---
 2
 2
 2
 2
 2
 2
 2
 2
 2
 2
 2
 2
 2
 2
(14 rows)

SELECT x FROM test_int4_to_regoper;
 x 
---
 4
 4
 4
 4
 4
 4
 4
 4
 4
 4
 4
 4
 4
 4
 4
 4
 4
 4
 4
 4
(20 rows)

SELECT x FROM test_oid_to_regoperator;
  x  
-----
 104
 104
 104
 104
 104
 104
 104
 104
 104
 104
(10 rows)

SELECT x FROM test_int8_to_regoperator;
 x 
---
 8
 8
 8
 8
 8
 8
 8
 8
 8
 8
 8
 8
 8
 8
 8
 8
(16 rows)

SELECT x FROM test_int2_to_regoperator;
 x 
---
 2
 2
 2
 2
 2
 2
 2
 2
 2
 2
 2
 2
 2
 2
(14 rows)

SELECT x FROM test_int4_to_regoperator;
 x 
---
 4
 4
 4
 4
 4
 4
 4
 4
 4
 4
 4
 4
 4
 4
 4
 4
 4
 4
 4
 4
(20 rows)

SELECT x FROM test_oid_to_regclass;
  x  
-----
 104
 104
 104
 104
 104
 104
 104
 104
 104
 104
(10 rows)

SELECT x FROM test_int8_to_regclass;
 x 
---
 8
 8
 8
 8
 8
 8
 8
 8
 8
 8
 8
 8
 8
 8
 8
 8
(16 rows)

SELECT x FROM test_int2_to_regclass;
 x 
---
 2
 2
 2
 2
 2
 2
 2
 2
 2
 2
 2
 2
 2
 2
(14 rows)

SELECT x FROM test_int4_to_regclass;
 x 
---
 4
 4
 4
 4
 4
 4
 4
 4
 4
 4
 4
 4
 4
 4
 4
 4
 4
 4
 4
 4
(20 rows)

SELECT x FROM test_oid_to_regtype;
  x  
-----
 104
 104
 104
 104
 104
 104
 104
 104
 104
 104
(10 rows)

SELECT x FROM test_int8_to_regtype;
 x 
---
 8
 8
 8
 8
 8
 8
 8
 8
 8
 8
 8
 8
 8
 8
 8
 8
(16 rows)

SELECT x FROM test_int2_to_regtype;
 x 
---
 2
 2
 2
 2
 2
 2
 2
 2
 2
 2
 2
 2
 2
 2
(14 rows)

SELECT x FROM test_int4_to_regtype;
 x 
---
 4
 4
 4
 4
 4
 4
 4
 4
 4
 4
 4
 4
 4
 4
 4
 4
 4
 4
 4
 4
(20 rows)

SELECT x FROM test_oid_to_regconfig;
  x  
-----
 104
 104
 104
 104
 104
 104
 104
 104
 104
 104
(10 rows)

SELECT x FROM test_int8_to_regconfig;
 x 
---
 8
 8
 8
 8
 8
 8
 8
 8
 8
 8
 8
 8
 8
 8
 8
 8
(16 rows)

SELECT x FROM test_int2_to_regconfig;
 x 
---
 2
 2
 2
 2
 2
 2
 2
 2
 2
 2
 2
 2
 2
 2
(14 rows)

SELECT x FROM test_int4_to_regconfig;
 x 
---
 4
 4
 4
 4
 4
 4
 4
 4
 4
 4
 4
 4
 4
 4
 4
 4
 4
 4
 4
 4
(20 rows)

SELECT x FROM test_oid_to_regdictionary;
  x  
-----
 104
 104
 104
 104
 104
 104
 104
 104
 104
 104
(10 rows)

SELECT x FROM test_int8_to_regdictionary;
 x 
---
 8
 8
 8
 8
 8
 8
 8
 8
 8
 8
 8
 8
 8
 8
 8
 8
(16 rows)

SELECT x FROM test_int2_to_regdictionary;
 x 
---
 2
 2
 2
 2
 2
 2
 2
 2
 2
 2
 2
 2
 2
 2
(14 rows)

SELECT x FROM test_int4_to_regdictionary;
 x 
---
 4
 4
 4
 4
 4
 4
 4
 4
 4
 4
 4
 4
 4
 4
 4
 4
 4
 4
 4
 4
(20 rows)

SELECT x FROM test_text_to_regclass;
        x        
-----------------
 text text text!
 text text text!
 text text text!
 text text text!
 text text text!
 text text text!
(6 rows)

SELECT x FROM test_varchar_to_regclass;
       x        
----------------
 varchaaaaaaaar
 varchaaaaaaaar
 varchaaaaaaaar
 varchaaaaaaaar
 varchaaaaaaaar
 varchaaaaaaaar
(6 rows)

SELECT x FROM test_text_to_bpchar;
        x        
-----------------
 text text text!
 text text text!
 text text text!
 text text text!
 text text text!
 text text text!
(6 rows)

SELECT x FROM test_text_to_varchar;
        x        
-----------------
 text text text!
 text text text!
 text text text!
 text text text!
 text text text!
 text text text!
(6 rows)

SELECT x FROM test_varchar_to_text;
       x        
----------------
 varchaaaaaaaar
 varchaaaaaaaar
 varchaaaaaaaar
 varchaaaaaaaar
 varchaaaaaaaar
 varchaaaaaaaar
(6 rows)

SELECT x FROM test_varchar_to_bpchar;
       x        
----------------
 varchaaaaaaaar
 varchaaaaaaaar
 varchaaaaaaaar
 varchaaaaaaaar
 varchaaaaaaaar
 varchaaaaaaaar
(6 rows)

SELECT x FROM test_char_to_text;
 x 
---
 c
 c
 c
 c
(4 rows)

DROP STREAM int2_stream CASCADE;
NOTICE:  drop cascades to 6 other objects
DETAIL:  drop cascades to continuous view test_int2_to_regoper
drop cascades to continuous view test_int2_to_regoperator
drop cascades to continuous view test_int2_to_regclass
drop cascades to continuous view test_int2_to_regtype
drop cascades to continuous view test_int2_to_regconfig
drop cascades to continuous view test_int2_to_regdictionary
DROP STREAM int4_stream CASCADE;
NOTICE:  drop cascades to 6 other objects
DETAIL:  drop cascades to continuous view test_int4_to_regoper
drop cascades to continuous view test_int4_to_regoperator
drop cascades to continuous view test_int4_to_regclass
drop cascades to continuous view test_int4_to_regtype
drop cascades to continuous view test_int4_to_regconfig
drop cascades to continuous view test_int4_to_regdictionary
DROP STREAM int8_stream CASCADE;
NOTICE:  drop cascades to 5 other objects
DETAIL:  drop cascades to continuous view test_int8_to_regoperator
drop cascades to continuous view test_int8_to_regclass
drop cascades to continuous view test_int8_to_regtype
drop cascades to continuous view test_int8_to_regconfig
drop cascades to continuous view test_int8_to_regdictionary
DROP STREAM oid_stream CASCADE;
NOTICE:  drop cascades to 5 other objects
DETAIL:  drop cascades to continuous view test_oid_to_regoperator
drop cascades to continuous view test_oid_to_regclass
drop cascades to continuous view test_oid_to_regtype
drop cascades to continuous view test_oid_to_regconfig
drop cascades to continuous view test_oid_to_regdictionary
DROP STREAM char_stream CASCADE;
NOTICE:  drop cascades to continuous view test_char_to_text
DROP STREAM text_stream CASCADE;
NOTICE:  drop cascades to 3 other objects
DETAIL:  drop cascades to continuous view test_text_to_regclass
drop cascades to continuous view test_text_to_bpchar
drop cascades to continuous view test_text_to_varchar
DROP STREAM varchar_stream CASCADE;
NOTICE:  drop cascades to 3 other objects
DETAIL:  drop cascades to continuous view test_varchar_to_regclass
drop cascades to continuous view test_varchar_to_text
drop cascades to continuous view test_varchar_to_bpchar
