CREATE STREAM int8_stream ();
CREATE STREAM int2_stream ();
CREATE STREAM int4_stream ();
CREATE STREAM money_stream ();
CREATE STREAM oid_stream ();
CREATE STREAM numeric_stream ();
CREATE STREAM bool_stream ();
CREATE CONTINUOUS VIEW test_numeric_to_int2 AS SELECT x::numeric FROM numeric_stream;
CREATE CONTINUOUS VIEW test_numeric_to_int4 AS SELECT x::numeric FROM numeric_stream;
CREATE CONTINUOUS VIEW test_numeric_to_float4 AS SELECT x::numeric FROM numeric_stream;
CREATE CONTINUOUS VIEW test_numeric_to_float8 AS SELECT x::numeric FROM numeric_stream;
CREATE CONTINUOUS VIEW test_money_to_numeric AS SELECT x::money FROM money_stream;
CREATE CONTINUOUS VIEW test_numeric_to_money AS SELECT x::numeric FROM numeric_stream;
CREATE CONTINUOUS VIEW test_int4_to_money AS SELECT x::int4 FROM int4_stream;
CREATE CONTINUOUS VIEW test_int8_to_money AS SELECT x::int8 FROM int8_stream;
CREATE CONTINUOUS VIEW test_int4_to_bool AS SELECT x::int4 FROM int4_stream;
CREATE CONTINUOUS VIEW test_bool_to_int4 AS SELECT x::bool FROM bool_stream;
CREATE CONTINUOUS VIEW test_int8_to_oid AS SELECT x::int8 FROM int8_stream;
CREATE CONTINUOUS VIEW test_int2_to_oid AS SELECT x::int2 FROM int2_stream;
CREATE CONTINUOUS VIEW test_int4_to_oid AS SELECT x::int4 FROM int4_stream;
CREATE CONTINUOUS VIEW test_oid_to_int8 AS SELECT x::oid FROM oid_stream;
CREATE CONTINUOUS VIEW test_oid_to_int4 AS SELECT x::oid FROM oid_stream;
CREATE CONTINUOUS VIEW test_oid_to_regproc AS SELECT x::oid FROM oid_stream;
CREATE CONTINUOUS VIEW test_int8_to_regproc AS SELECT x::int8 FROM int8_stream;
CREATE CONTINUOUS VIEW test_int2_to_regproc AS SELECT x::int2 FROM int2_stream;
CREATE CONTINUOUS VIEW test_int4_to_regproc AS SELECT x::int4 FROM int4_stream;
CREATE CONTINUOUS VIEW test_oid_to_regprocedure AS SELECT x::oid FROM oid_stream;
CREATE CONTINUOUS VIEW test_int8_to_regprocedure AS SELECT x::int8 FROM int8_stream;
CREATE CONTINUOUS VIEW test_int2_to_regprocedure AS SELECT x::int2 FROM int2_stream;
CREATE CONTINUOUS VIEW test_int4_to_regprocedure AS SELECT x::int4 FROM int4_stream;
CREATE CONTINUOUS VIEW test_oid_to_regoper AS SELECT x::oid FROM oid_stream;
CREATE CONTINUOUS VIEW test_int8_to_regoper AS SELECT x::int8 FROM int8_stream;
INSERT INTO int8_stream (x) VALUES (8);
INSERT INTO int8_stream (x) VALUES (8);
INSERT INTO int8_stream (x) VALUES (8);
INSERT INTO int8_stream (x) VALUES (8);
INSERT INTO int8_stream (x) VALUES (8);
INSERT INTO int2_stream (x) VALUES (2);
INSERT INTO int2_stream (x) VALUES (2);
INSERT INTO int2_stream (x) VALUES (2);
INSERT INTO int2_stream (x) VALUES (2);
INSERT INTO int2_stream (x) VALUES (2);
INSERT INTO numeric_stream (x) VALUES (1.00000001);
INSERT INTO numeric_stream (x) VALUES (1.00000001);
INSERT INTO numeric_stream (x) VALUES (1.00000001);
INSERT INTO numeric_stream (x) VALUES (1.00000001);
INSERT INTO numeric_stream (x) VALUES (1.00000001);
INSERT INTO money_stream (x) VALUES ('42.42');
INSERT INTO numeric_stream (x) VALUES (1.00000001);
INSERT INTO int8_stream (x) VALUES (8);
INSERT INTO bool_stream (x) VALUES ('true');
INSERT INTO int8_stream (x) VALUES (8);
INSERT INTO int2_stream (x) VALUES (2);
INSERT INTO oid_stream (x) VALUES (104);
INSERT INTO oid_stream (x) VALUES (104);
INSERT INTO oid_stream (x) VALUES (104);
INSERT INTO int8_stream (x) VALUES (8);
INSERT INTO int2_stream (x) VALUES (2);
INSERT INTO oid_stream (x) VALUES (104);
INSERT INTO int8_stream (x) VALUES (8);
INSERT INTO int2_stream (x) VALUES (2);
INSERT INTO oid_stream (x) VALUES (104);
INSERT INTO int8_stream (x) VALUES (8);
INSERT INTO int2_stream (x) VALUES (2);
INSERT INTO oid_stream (x) VALUES (104);
INSERT INTO int8_stream (x) VALUES (8);
INSERT INTO int2_stream (x) VALUES (2);
INSERT INTO oid_stream (x) VALUES (104);
INSERT INTO int8_stream (x) VALUES (8);
INSERT INTO int2_stream (x) VALUES (2);
INSERT INTO oid_stream (x) VALUES (104);
INSERT INTO int8_stream (x) VALUES (8);
INSERT INTO int2_stream (x) VALUES (2);
INSERT INTO oid_stream (x) VALUES (104);
INSERT INTO int8_stream (x) VALUES (8);
INSERT INTO int2_stream (x) VALUES (2);
INSERT INTO oid_stream (x) VALUES (104);
INSERT INTO int8_stream (x) VALUES (8);
INSERT INTO int2_stream (x) VALUES (2);
INSERT INTO int8_stream (x) VALUES (8);
SELECT x FROM test_numeric_to_int2;
     x      
------------
 1.00000001
 1.00000001
 1.00000001
 1.00000001
 1.00000001
 1.00000001
(6 rows)

SELECT x FROM test_numeric_to_int4;
     x      
------------
 1.00000001
 1.00000001
 1.00000001
 1.00000001
 1.00000001
 1.00000001
(6 rows)

SELECT x FROM test_numeric_to_float4;
     x      
------------
 1.00000001
 1.00000001
 1.00000001
 1.00000001
 1.00000001
 1.00000001
(6 rows)

SELECT x FROM test_numeric_to_float8;
     x      
------------
 1.00000001
 1.00000001
 1.00000001
 1.00000001
 1.00000001
 1.00000001
(6 rows)

SELECT x FROM test_money_to_numeric;
   x    
--------
 $42.42
(1 row)

SELECT x FROM test_numeric_to_money;
     x      
------------
 1.00000001
 1.00000001
 1.00000001
 1.00000001
 1.00000001
 1.00000001
(6 rows)

SELECT x FROM test_int4_to_money;
 x 
---
(0 rows)

SELECT x FROM test_int8_to_money;
 x 
---
 8
 8
 8
 8
 8
 8
 8
 8
 8
 8
 8
 8
 8
 8
 8
 8
(16 rows)

SELECT x FROM test_int4_to_bool;
 x 
---
(0 rows)

SELECT x FROM test_bool_to_int4;
 x 
---
 t
(1 row)

SELECT x FROM test_int8_to_oid;
 x 
---
 8
 8
 8
 8
 8
 8
 8
 8
 8
 8
 8
 8
 8
 8
 8
 8
(16 rows)

SELECT x FROM test_int2_to_oid;
 x 
---
 2
 2
 2
 2
 2
 2
 2
 2
 2
 2
 2
 2
 2
 2
(14 rows)

SELECT x FROM test_int4_to_oid;
 x 
---
(0 rows)

SELECT x FROM test_oid_to_int8;
  x  
-----
 104
 104
 104
 104
 104
 104
 104
 104
 104
 104
(10 rows)

SELECT x FROM test_oid_to_int4;
  x  
-----
 104
 104
 104
 104
 104
 104
 104
 104
 104
 104
(10 rows)

SELECT x FROM test_oid_to_regproc;
  x  
-----
 104
 104
 104
 104
 104
 104
 104
 104
 104
 104
(10 rows)

SELECT x FROM test_int8_to_regproc;
 x 
---
 8
 8
 8
 8
 8
 8
 8
 8
 8
 8
 8
 8
 8
 8
 8
 8
(16 rows)

SELECT x FROM test_int2_to_regproc;
 x 
---
 2
 2
 2
 2
 2
 2
 2
 2
 2
 2
 2
 2
 2
 2
(14 rows)

SELECT x FROM test_int4_to_regproc;
 x 
---
(0 rows)

SELECT x FROM test_oid_to_regprocedure;
  x  
-----
 104
 104
 104
 104
 104
 104
 104
 104
 104
 104
(10 rows)

SELECT x FROM test_int8_to_regprocedure;
 x 
---
 8
 8
 8
 8
 8
 8
 8
 8
 8
 8
 8
 8
 8
 8
 8
 8
(16 rows)

SELECT x FROM test_int2_to_regprocedure;
 x 
---
 2
 2
 2
 2
 2
 2
 2
 2
 2
 2
 2
 2
 2
 2
(14 rows)

SELECT x FROM test_int4_to_regprocedure;
 x 
---
(0 rows)

SELECT x FROM test_oid_to_regoper;
  x  
-----
 104
 104
 104
 104
 104
 104
 104
 104
 104
 104
(10 rows)

SELECT x FROM test_int8_to_regoper;
 x 
---
 8
 8
 8
 8
 8
 8
 8
 8
 8
 8
 8
 8
 8
 8
 8
 8
(16 rows)

DROP STREAM int2_stream CASCADE;
NOTICE:  drop cascades to 3 other objects
DETAIL:  drop cascades to continuous view test_int2_to_oid
drop cascades to continuous view test_int2_to_regproc
drop cascades to continuous view test_int2_to_regprocedure
DROP STREAM int4_stream CASCADE;
NOTICE:  drop cascades to 5 other objects
DETAIL:  drop cascades to continuous view test_int4_to_money
drop cascades to continuous view test_int4_to_bool
drop cascades to continuous view test_int4_to_oid
drop cascades to continuous view test_int4_to_regproc
drop cascades to continuous view test_int4_to_regprocedure
DROP STREAM int8_stream CASCADE;
NOTICE:  drop cascades to 5 other objects
DETAIL:  drop cascades to continuous view test_int8_to_money
drop cascades to continuous view test_int8_to_oid
drop cascades to continuous view test_int8_to_regproc
drop cascades to continuous view test_int8_to_regprocedure
drop cascades to continuous view test_int8_to_regoper
DROP STREAM oid_stream CASCADE;
NOTICE:  drop cascades to 5 other objects
DETAIL:  drop cascades to continuous view test_oid_to_int8
drop cascades to continuous view test_oid_to_int4
drop cascades to continuous view test_oid_to_regproc
drop cascades to continuous view test_oid_to_regprocedure
drop cascades to continuous view test_oid_to_regoper
DROP STREAM money_stream CASCADE;
NOTICE:  drop cascades to continuous view test_money_to_numeric
DROP STREAM numeric_stream CASCADE;
NOTICE:  drop cascades to 5 other objects
DETAIL:  drop cascades to continuous view test_numeric_to_int2
drop cascades to continuous view test_numeric_to_int4
drop cascades to continuous view test_numeric_to_float4
drop cascades to continuous view test_numeric_to_float8
drop cascades to continuous view test_numeric_to_money
DROP STREAM bool_stream CASCADE;
NOTICE:  drop cascades to continuous view test_bool_to_int4
